[2025-07-10T22:05:48.310Z] [INFO] Starting HPI update process...
[2025-07-10T22:05:48.698Z] [INFO] Elasticsearch connection successful
[2025-07-10T22:05:49.005Z] [INFO] HPI index already exists: house_price_index
[2025-07-10T22:05:49.005Z] [INFO] Downloading HPI data from ONS...
[2025-07-10T22:06:05.574Z] [INFO] Starting HPI update process...
[2025-07-10T22:06:05.902Z] [INFO] Elasticsearch connection successful
[2025-07-10T22:06:06.212Z] [INFO] HPI index already exists: house_price_index
[2025-07-10T22:06:06.212Z] [INFO] Downloading HPI data from ONS...
[2025-07-10T22:06:18.378Z] [INFO] Starting HPI update process...
[2025-07-10T22:06:18.744Z] [INFO] Elasticsearch connection successful
[2025-07-10T22:06:19.051Z] [INFO] HPI index already exists: house_price_index
[2025-07-10T22:06:19.052Z] [INFO] Downloading HPI data from ONS...
[2025-07-10T22:06:19.149Z] [INFO] Downloaded 0 characters of HPI data
[2025-07-10T22:06:19.150Z] [INFO] Parsed 0 HPI records
[2025-07-10T22:06:19.150Z] [INFO] Indexing 0 HPI records...
[2025-07-10T22:06:19.150Z] [INFO] Successfully indexed 0 HPI records
[2025-07-10T22:06:19.150Z] [INFO] HPI update completed successfully. Indexed 0 records.
[2025-07-10T22:09:50.976Z] [INFO] Starting HPI update process...
[2025-07-10T22:09:51.336Z] [INFO] Elasticsearch connection successful
[2025-07-10T22:09:51.637Z] [INFO] HPI index already exists: house_price_index
[2025-07-10T22:09:51.637Z] [INFO] Downloading HPI data from ONS...
[2025-07-10T22:09:51.723Z] [INFO] Downloaded 0 characters of HPI data
[2025-07-10T22:09:51.723Z] [INFO] Parsed 0 HPI records
[2025-07-10T22:09:51.723Z] [INFO] Indexing 0 HPI records...
[2025-07-10T22:09:51.723Z] [INFO] Successfully indexed 0 HPI records
[2025-07-10T22:09:51.723Z] [INFO] HPI update completed successfully. Indexed 0 records.
[2025-07-10T22:12:43.583Z] [INFO] Starting HPI update process...
[2025-07-10T22:12:43.926Z] [INFO] Elasticsearch connection successful
[2025-07-10T22:12:44.235Z] [INFO] HPI index already exists: house_price_index
[2025-07-10T22:12:44.236Z] [INFO] Reading HPI data from local file...
[2025-07-10T22:12:44.237Z] [INFO] Read 105679 characters from local HPI file
[2025-07-10T22:12:44.242Z] [INFO] Parsed 424 HPI records
[2025-07-10T22:12:44.242Z] [INFO] Indexing 424 HPI records...
[2025-07-10T22:12:44.243Z] [INFO] Successfully indexed 0 HPI records
[2025-07-10T22:12:44.243Z] [INFO] HPI update completed successfully. Indexed 0 records.
[2025-07-10T22:57:39.893Z] [INFO] Starting HPI update process...
[2025-07-10T22:57:40.244Z] [INFO] Elasticsearch connection successful
[2025-07-10T22:57:40.556Z] [INFO] HPI index already exists: house_price_index
[2025-07-10T22:57:40.556Z] [INFO] Reading HPI data from local file...
[2025-07-10T22:57:40.558Z] [INFO] Read 105679 characters from local HPI file
[2025-07-10T22:57:40.558Z] [INFO] Parsing 425 HPI records...
[2025-07-10T22:57:40.562Z] [INFO] Parsed 424 valid HPI records out of 425 total records
[2025-07-10T22:57:40.562Z] [INFO] Indexing 424 HPI records...
[2025-07-10T22:57:40.563Z] [INFO] Successfully indexed 0 HPI records
[2025-07-10T22:57:40.563Z] [INFO] HPI update completed successfully. Indexed 0 records.
[2025-07-10T22:57:59.277Z] [INFO] Starting HPI update process...
[2025-07-10T22:57:59.615Z] [INFO] Elasticsearch connection successful
[2025-07-10T22:57:59.923Z] [INFO] HPI index already exists: house_price_index
[2025-07-10T22:57:59.923Z] [INFO] Reading HPI data from local file...
[2025-07-10T22:57:59.925Z] [INFO] Read 105679 characters from local HPI file
[2025-07-10T22:57:59.926Z] [INFO] Parsing 425 HPI records...
[2025-07-10T22:57:59.929Z] [INFO] Parsed 424 valid HPI records out of 425 total records
[2025-07-10T22:57:59.930Z] [INFO] Indexing 424 HPI records...
[2025-07-10T22:58:00.498Z] [INFO] Indexed batch: 100/424 records
[2025-07-10T22:58:01.010Z] [INFO] Indexed batch: 200/424 records
[2025-07-10T22:58:01.219Z] [INFO] Indexed batch: 300/424 records
[2025-07-10T22:58:01.429Z] [INFO] Indexed batch: 400/424 records
[2025-07-10T22:58:01.538Z] [INFO] Indexed batch: 424/424 records
[2025-07-10T22:58:01.538Z] [INFO] Successfully indexed 424 HPI records
[2025-07-10T22:58:01.539Z] [INFO] HPI update completed successfully. Indexed 424 records.
[2025-07-10T23:15:19.491Z] [INFO] Starting HPI update process...
[2025-07-10T23:15:19.895Z] [INFO] Elasticsearch connection successful
[2025-07-10T23:15:20.202Z] [INFO] HPI index already exists: house_price_index
[2025-07-10T23:15:20.202Z] [INFO] Reading HPI data from local file...
[2025-07-10T23:15:20.203Z] [INFO] Read 105679 characters from local HPI file
[2025-07-10T23:15:20.204Z] [INFO] Parsing 425 HPI records...
[2025-07-10T23:15:20.205Z] [INFO] Parsed 424 valid HPI records out of 425 total records
[2025-07-10T23:15:20.205Z] [INFO] Indexing 424 HPI records...
[2025-07-10T23:15:20.735Z] [INFO] Indexed batch: 100/424 records
[2025-07-10T23:15:21.254Z] [INFO] Indexed batch: 200/424 records
[2025-07-10T23:15:21.466Z] [INFO] Indexed batch: 300/424 records
[2025-07-10T23:15:21.677Z] [INFO] Indexed batch: 400/424 records
[2025-07-10T23:15:21.786Z] [INFO] Indexed batch: 424/424 records
[2025-07-10T23:15:21.786Z] [INFO] Successfully indexed 424 HPI records
[2025-07-10T23:15:21.786Z] [INFO] HPI update completed successfully. Indexed 424 records.
[2025-07-11T16:30:35.241Z] [INFO] Starting HPI update process...
[2025-07-11T16:30:35.724Z] [INFO] Elasticsearch connection successful
[2025-07-11T16:30:36.146Z] [INFO] HPI index already exists: house_price_index
[2025-07-11T16:30:36.147Z] [INFO] Reading HPI data from local file...
[2025-07-11T16:30:36.148Z] [INFO] Read 105679 characters from local HPI file
[2025-07-11T16:30:36.148Z] [INFO] Parsing 425 HPI records...
[2025-07-11T16:30:36.151Z] [INFO] Parsed 424 valid HPI records out of 425 total records
[2025-07-11T16:30:36.151Z] [INFO] Indexing 424 HPI records...
[2025-07-11T16:30:36.571Z] [INFO] Indexed batch: 100/424 records
[2025-07-11T16:30:36.767Z] [INFO] Indexed batch: 200/424 records
[2025-07-11T16:30:36.878Z] [INFO] Indexed batch: 300/424 records
[2025-07-11T16:30:36.992Z] [INFO] Indexed batch: 400/424 records
[2025-07-11T16:30:37.186Z] [INFO] Successfully indexed 424 HPI records
[2025-07-11T16:30:37.185Z] [INFO] Indexed batch: 424/424 records
[2025-07-11T16:30:37.186Z] [INFO] HPI update completed successfully. Indexed 424 records.
[2025-07-11T16:33:52.125Z] [INFO] Starting HPI update process...
[2025-07-11T16:33:52.571Z] [INFO] Elasticsearch connection successful
[2025-07-11T16:33:52.982Z] [INFO] HPI index already exists: house_price_index
[2025-07-11T16:33:52.983Z] [INFO] Reading HPI data from local file...
[2025-07-11T16:33:52.984Z] [INFO] Read 105679 characters from local HPI file
[2025-07-11T16:33:52.986Z] [INFO] Parsed 424 valid HPI records out of 425 total records
[2025-07-11T16:33:52.986Z] [INFO] Indexing 424 HPI records...
[2025-07-11T16:33:52.984Z] [INFO] Parsing 425 HPI records...
[2025-07-11T16:33:53.407Z] [INFO] Indexed batch: 100/424 records
[2025-07-11T16:33:53.519Z] [INFO] Indexed batch: 200/424 records
[2025-07-11T16:33:53.628Z] [INFO] Indexed batch: 300/424 records
[2025-07-11T16:33:53.738Z] [INFO] Indexed batch: 400/424 records
[2025-07-11T16:33:53.848Z] [INFO] Indexed batch: 424/424 records
[2025-07-11T16:33:53.848Z] [INFO] Successfully indexed 424 HPI records
[2025-07-11T16:33:53.848Z] [INFO] HPI update completed successfully. Indexed 424 records.
