Bulk insert error: TimeoutError: Request timed out
    at SniffingTransport._request (/Users/benjaminoats/my-vibe-project/bmv-finder/node_modules/@elastic/transport/lib/Transport.js:575:50)
    at async /Users/benjaminoats/my-vibe-project/bmv-finder/node_modules/@elastic/transport/lib/Transport.js:670:32
    at async SniffingTransport.request (/Users/benjaminoats/my-vibe-project/bmv-finder/node_modules/@elastic/transport/lib/Transport.js:666:20)
    at async Client.BulkApi [as bulk] (/Users/benjaminoats/my-vibe-project/bmv-finder/node_modules/@elastic/elasticsearch/lib/api/api/bulk.js:58:12) {
  options: { redaction: { type: 'replace', additionalKeys: [] } },
  meta: {
    body: undefined,
    statusCode: 0,
    headers: {},
    meta: {
      context: null,
      request: [Object],
      name: 'elasticsearch-js',
      connection: [Object],
      attempts: 0,
      aborted: false
    },
    warnings: null
  }
}
