[dotenv@17.2.0] injecting env (20) from .env (tip: 🔐 prevent committing .env to code: https://dotenvx.com/precommit)
Index 'properties' already exists. Skipping creation.
Starting from line 9276833
Indexed 1000 records (435 records/sec) [Line: 9277834]
Indexed 2000 records (517 records/sec) [Line: 9278834]
Indexed 3000 records (540 records/sec) [Line: 9279834]
Indexed 4000 records (581 records/sec) [Line: 9280834]
Indexed 5000 records (575 records/sec) [Line: 9281834]
Indexed 6000 records (531 records/sec) [Line: 9282834]
Indexed 7000 records (523 records/sec) [Line: 9283834]
Indexed 8000 records (527 records/sec) [Line: 9284834]
Indexed 9000 records (539 records/sec) [Line: 9285834]
Indexed 10000 records (557 records/sec) [Line: 9286834]
Indexed 11000 records (544 records/sec) [Line: 9287834]
Indexed 12000 records (546 records/sec) [Line: 9288834]
Indexed 13000 records (556 records/sec) [Line: 9289834]
Indexed 14000 records (570 records/sec) [Line: 9290834]
Indexed 15000 records (585 records/sec) [Line: 9291834]
Indexed 16000 records (594 records/sec) [Line: 9292834]
Indexed 17000 records (595 records/sec) [Line: 9293834]
Indexed 18000 records (602 records/sec) [Line: 9294834]
Indexed 19000 records (595 records/sec) [Line: 9295834]
Indexed 20000 records (590 records/sec) [Line: 9296834]
Indexed 21000 records (590 records/sec) [Line: 9297834]
Indexed 22000 records (589 records/sec) [Line: 9298834]
Indexed 23000 records (584 records/sec) [Line: 9299834]
Indexed 24000 records (579 records/sec) [Line: 9300834]
Indexed 25000 records (576 records/sec) [Line: 9301834]
Indexed 26000 records (557 records/sec) [Line: 9302834]
Indexed 27000 records (553 records/sec) [Line: 9303834]
Indexed 28000 records (553 records/sec) [Line: 9304834]
Indexed 29000 records (555 records/sec) [Line: 9305834]
Indexed 30000 records (556 records/sec) [Line: 9306834]
Indexed 31000 records (560 records/sec) [Line: 9307834]
Indexed 32000 records (560 records/sec) [Line: 9308834]
Indexed 33000 records (560 records/sec) [Line: 9309834]
Indexed 34000 records (560 records/sec) [Line: 9310834]
Indexed 35000 records (565 records/sec) [Line: 9311834]
Indexed 36000 records (564 records/sec) [Line: 9312834]
Indexed 37000 records (555 records/sec) [Line: 9313834]
Indexed 38000 records (547 records/sec) [Line: 9314834]
Indexed 39000 records (542 records/sec) [Line: 9315834]
Indexed 40000 records (536 records/sec) [Line: 9316834]
Indexed 41000 records (524 records/sec) [Line: 9317834]
Indexed 42000 records (522 records/sec) [Line: 9318834]
Indexed 43000 records (521 records/sec) [Line: 9319834]
Indexed 44000 records (512 records/sec) [Line: 9320834]
Indexed 45000 records (513 records/sec) [Line: 9321834]
Indexed 46000 records (515 records/sec) [Line: 9322834]
Indexed 47000 records (514 records/sec) [Line: 9323834]
Indexed 48000 records (503 records/sec) [Line: 9324834]
Indexed 49000 records (499 records/sec) [Line: 9325834]
Indexed 50000 records (483 records/sec) [Line: 9326834]
Indexed 51000 records (473 records/sec) [Line: 9327834]
Indexed 52000 records (474 records/sec) [Line: 9328834]
Indexed 53000 records (476 records/sec) [Line: 9329834]
Indexed 54000 records (478 records/sec) [Line: 9330834]
Indexed 55000 records (481 records/sec) [Line: 9331834]
Indexed 56000 records (484 records/sec) [Line: 9332834]
Indexed 57000 records (486 records/sec) [Line: 9333834]
Indexed 58000 records (489 records/sec) [Line: 9334834]
Indexed 59000 records (491 records/sec) [Line: 9335834]
Indexed 60000 records (494 records/sec) [Line: 9336834]
Indexed 61000 records (496 records/sec) [Line: 9337834]
Indexed 62000 records (496 records/sec) [Line: 9338834]
Indexed 63000 records (498 records/sec) [Line: 9339834]
Indexed 64000 records (501 records/sec) [Line: 9340834]
Indexed 65000 records (504 records/sec) [Line: 9341834]
Indexed 66000 records (503 records/sec) [Line: 9342834]
Indexed 67000 records (505 records/sec) [Line: 9343834]
Indexed 68000 records (507 records/sec) [Line: 9344834]
Indexed 69000 records (499 records/sec) [Line: 9345834]
Indexed 70000 records (503 records/sec) [Line: 9346834]
Indexed 71000 records (506 records/sec) [Line: 9347834]
Indexed 72000 records (509 records/sec) [Line: 9348834]
Indexed 73000 records (512 records/sec) [Line: 9349834]
Indexed 74000 records (512 records/sec) [Line: 9350834]
Indexed 75000 records (512 records/sec) [Line: 9351834]
Indexed 76000 records (516 records/sec) [Line: 9352834]
Indexed 77000 records (518 records/sec) [Line: 9353834]
Indexed 78000 records (521 records/sec) [Line: 9354834]
Indexed 79000 records (524 records/sec) [Line: 9355834]
Indexed 80000 records (526 records/sec) [Line: 9356834]
Indexed 81000 records (529 records/sec) [Line: 9357834]
Indexed 82000 records (532 records/sec) [Line: 9358834]
Indexed 83000 records (534 records/sec) [Line: 9359834]
Indexed 84000 records (535 records/sec) [Line: 9360834]
Indexed 85000 records (538 records/sec) [Line: 9361834]
Indexed 86000 records (539 records/sec) [Line: 9362834]
Indexed 87000 records (542 records/sec) [Line: 9363834]
Indexed 88000 records (545 records/sec) [Line: 9364834]
Indexed 89000 records (548 records/sec) [Line: 9365834]
Indexed 90000 records (550 records/sec) [Line: 9366834]
Indexed 91000 records (551 records/sec) [Line: 9367834]
Indexed 92000 records (553 records/sec) [Line: 9368834]
Indexed 93000 records (555 records/sec) [Line: 9369834]
Indexed 94000 records (558 records/sec) [Line: 9370834]
Indexed 95000 records (561 records/sec) [Line: 9371834]
Indexed 96000 records (558 records/sec) [Line: 9372834]
Indexed 97000 records (559 records/sec) [Line: 9373834]
Indexed 98000 records (561 records/sec) [Line: 9374834]
Indexed 99000 records (564 records/sec) [Line: 9375834]
Indexed 100000 records (566 records/sec) [Line: 9376834]
Indexed 101000 records (569 records/sec) [Line: 9377834]
Indexed 102000 records (572 records/sec) [Line: 9378834]
Indexed 103000 records (575 records/sec) [Line: 9379834]
Indexed 104000 records (578 records/sec) [Line: 9380834]
Indexed 105000 records (580 records/sec) [Line: 9381834]
Indexed 106000 records (583 records/sec) [Line: 9382834]
Indexed 107000 records (585 records/sec) [Line: 9383834]
Indexed 108000 records (588 records/sec) [Line: 9384834]
Indexed 109000 records (589 records/sec) [Line: 9385834]
Indexed 110000 records (590 records/sec) [Line: 9386834]
Indexed 111000 records (592 records/sec) [Line: 9387834]
Indexed 112000 records (595 records/sec) [Line: 9388834]
Indexed 113000 records (597 records/sec) [Line: 9389834]
Indexed 114000 records (600 records/sec) [Line: 9390834]
Indexed 115000 records (602 records/sec) [Line: 9391834]
Indexed 116000 records (605 records/sec) [Line: 9392834]
Indexed 117000 records (607 records/sec) [Line: 9393834]
Indexed 118000 records (610 records/sec) [Line: 9394834]
Indexed 119000 records (610 records/sec) [Line: 9395834]
Indexed 120000 records (611 records/sec) [Line: 9396834]
Indexed 121000 records (613 records/sec) [Line: 9397834]
Indexed 122000 records (615 records/sec) [Line: 9398834]
Indexed 123000 records (616 records/sec) [Line: 9399834]
Indexed 124000 records (617 records/sec) [Line: 9400834]
Indexed 125000 records (619 records/sec) [Line: 9401834]
Indexed 126000 records (619 records/sec) [Line: 9402834]
Indexed 127000 records (620 records/sec) [Line: 9403834]
Indexed 128000 records (620 records/sec) [Line: 9404834]
Indexed 129000 records (622 records/sec) [Line: 9405834]
Indexed 130000 records (623 records/sec) [Line: 9406834]
Indexed 131000 records (624 records/sec) [Line: 9407834]
Indexed 132000 records (626 records/sec) [Line: 9408834]
Indexed 133000 records (627 records/sec) [Line: 9409834]
Indexed 134000 records (629 records/sec) [Line: 9410834]
Indexed 135000 records (630 records/sec) [Line: 9411834]
Indexed 136000 records (630 records/sec) [Line: 9412834]
Indexed 137000 records (632 records/sec) [Line: 9413834]
Indexed 138000 records (632 records/sec) [Line: 9414834]
Indexed 139000 records (631 records/sec) [Line: 9415834]
Indexed 140000 records (632 records/sec) [Line: 9416834]
Indexed 141000 records (633 records/sec) [Line: 9417834]
Indexed 142000 records (633 records/sec) [Line: 9418834]
Indexed 143000 records (604 records/sec) [Line: 9419834]
Indexed 144000 records (603 records/sec) [Line: 9420834]
Indexed 145000 records (603 records/sec) [Line: 9421834]
Indexed 146000 records (603 records/sec) [Line: 9422834]
Indexed 147000 records (603 records/sec) [Line: 9423834]
Indexed 148000 records (592 records/sec) [Line: 9424834]
Indexed 149000 records (571 records/sec) [Line: 9425834]
Indexed 150000 records (571 records/sec) [Line: 9426834]
Indexed 151000 records (569 records/sec) [Line: 9427834]
Indexed 152000 records (570 records/sec) [Line: 9428834]
Indexed 153000 records (570 records/sec) [Line: 9429834]
Indexed 154000 records (570 records/sec) [Line: 9430834]
Indexed 155000 records (571 records/sec) [Line: 9431834]
Indexed 156000 records (572 records/sec) [Line: 9432834]
Indexed 157000 records (573 records/sec) [Line: 9433834]
Indexed 158000 records (574 records/sec) [Line: 9434834]
Indexed 159000 records (575 records/sec) [Line: 9435834]
Indexed 160000 records (576 records/sec) [Line: 9436834]
Indexed 161000 records (578 records/sec) [Line: 9437834]
Indexed 162000 records (579 records/sec) [Line: 9438834]
Indexed 163000 records (580 records/sec) [Line: 9439834]
Indexed 164000 records (580 records/sec) [Line: 9440834]
Indexed 165000 records (581 records/sec) [Line: 9441834]
Indexed 166000 records (581 records/sec) [Line: 9442834]
Indexed 167000 records (583 records/sec) [Line: 9443834]
Indexed 168000 records (584 records/sec) [Line: 9444834]
Indexed 169000 records (585 records/sec) [Line: 9445834]
Indexed 170000 records (585 records/sec) [Line: 9446834]
Indexed 171000 records (586 records/sec) [Line: 9447834]
Indexed 172000 records (579 records/sec) [Line: 9448834]
Indexed 173000 records (580 records/sec) [Line: 9449834]
Indexed 174000 records (579 records/sec) [Line: 9450834]
Indexed 175000 records (580 records/sec) [Line: 9451834]
Indexed 176000 records (581 records/sec) [Line: 9452834]
Indexed 177000 records (582 records/sec) [Line: 9453834]
Indexed 178000 records (582 records/sec) [Line: 9454834]
Indexed 179000 records (582 records/sec) [Line: 9455834]
Indexed 180000 records (583 records/sec) [Line: 9456834]
Indexed 181000 records (584 records/sec) [Line: 9457834]
Indexed 182000 records (585 records/sec) [Line: 9458834]
Indexed 183000 records (585 records/sec) [Line: 9459834]
Indexed 184000 records (577 records/sec) [Line: 9460834]
Indexed 185000 records (577 records/sec) [Line: 9461834]
Indexed 186000 records (578 records/sec) [Line: 9462834]
Indexed 187000 records (570 records/sec) [Line: 9463834]
Indexed 188000 records (570 records/sec) [Line: 9464834]
Indexed 189000 records (571 records/sec) [Line: 9465834]
Indexed 190000 records (572 records/sec) [Line: 9466834]
Indexed 191000 records (574 records/sec) [Line: 9467834]
Indexed 192000 records (575 records/sec) [Line: 9468834]
Indexed 193000 records (576 records/sec) [Line: 9469834]
Indexed 194000 records (577 records/sec) [Line: 9470834]
Indexed 195000 records (579 records/sec) [Line: 9471834]
Indexed 196000 records (579 records/sec) [Line: 9472834]
Indexed 197000 records (580 records/sec) [Line: 9473834]
Indexed 198000 records (582 records/sec) [Line: 9474834]
Indexed 199000 records (583 records/sec) [Line: 9475834]
Indexed 200000 records (584 records/sec) [Line: 9476834]
Indexed 201000 records (585 records/sec) [Line: 9477834]
Indexed 202000 records (587 records/sec) [Line: 9478834]
Indexed 203000 records (588 records/sec) [Line: 9479834]
Indexed 204000 records (589 records/sec) [Line: 9480834]

Received SIGTERM. Shutting down gracefully...
