[dotenv@17.2.0] injecting env (4) from .env.local (tip: ⚙️  load multiple .env files with { path: ['.env.local', '.env'] })
[2025-07-14T10:45:29.622Z] [INFO] Starting simplified recent sales indexing process
[2025-07-14T10:45:29.658Z] [INFO] Index recent_sales already exists
[2025-07-14T10:45:29.659Z] [INFO] Fetching recent sales from properties index...
[2025-07-14T10:45:30.284Z] [INFO] Processed 1000 documents, found 1000 recent sales
[2025-07-14T10:45:30.713Z] [ERROR] Error fetching recent sales: Assignment to constant variable.
[2025-07-14T10:45:30.714Z] [INFO] No recent sales found. Exiting.
[2025-07-14T10:45:30.713Z] [ERROR] Error fetching recent sales: Assignment to constant variable.
[2025-07-14T10:45:30.714Z] [INFO] No recent sales found. Exiting.
[2025-07-14T15:59:14.221Z] [INFO] Starting simplified recent sales indexing process
[2025-07-14T15:59:14.250Z] [INFO] Index recent_sales already exists
[2025-07-14T15:59:14.250Z] [INFO] Fetching recent sales from properties index...
[2025-07-14T15:59:14.878Z] [INFO] Processed 1000 documents, found 1000 recent sales
[2025-07-14T15:59:15.160Z] [INFO] Processed 2000 documents, found 2000 recent sales
[2025-07-14T15:59:15.476Z] [INFO] Processed 3000 documents, found 3000 recent sales
[2025-07-14T15:59:15.686Z] [INFO] Processed 4000 documents, found 4000 recent sales
[2025-07-14T15:59:15.887Z] [INFO] Processed 5000 documents, found 5000 recent sales
[2025-07-14T15:59:16.067Z] [INFO] Processed 6000 documents, found 6000 recent sales
[2025-07-14T15:59:16.446Z] [INFO] Processed 7000 documents, found 7000 recent sales
[2025-07-14T15:59:16.632Z] [INFO] Processed 8000 documents, found 8000 recent sales
[2025-07-14T15:59:16.768Z] [INFO] Processed 9000 documents, found 9000 recent sales
[2025-07-14T15:59:16.918Z] [INFO] Processed 10000 documents, found 10000 recent sales
[2025-07-14T15:59:17.076Z] [INFO] Processed 11000 documents, found 11000 recent sales
[2025-07-14T15:59:17.201Z] [INFO] Processed 12000 documents, found 12000 recent sales
[2025-07-14T15:59:17.323Z] [INFO] Processed 13000 documents, found 13000 recent sales
[2025-07-14T15:59:17.453Z] [INFO] Processed 14000 documents, found 14000 recent sales
[2025-07-14T15:59:17.581Z] [INFO] Processed 15000 documents, found 15000 recent sales
[2025-07-14T15:59:17.709Z] [INFO] Processed 16000 documents, found 16000 recent sales
[2025-07-14T15:59:17.896Z] [INFO] Processed 17000 documents, found 17000 recent sales
[2025-07-14T15:59:18.080Z] [INFO] Processed 18000 documents, found 18000 recent sales
[2025-07-14T15:59:18.249Z] [INFO] Processed 19000 documents, found 19000 recent sales
[2025-07-14T15:59:18.416Z] [INFO] Processed 20000 documents, found 20000 recent sales
[2025-07-14T15:59:18.557Z] [INFO] Processed 21000 documents, found 21000 recent sales
[2025-07-14T15:59:18.672Z] [INFO] Processed 22000 documents, found 22000 recent sales
[2025-07-14T15:59:18.776Z] [INFO] Processed 23000 documents, found 23000 recent sales
[2025-07-14T15:59:18.876Z] [INFO] Processed 24000 documents, found 24000 recent sales
[2025-07-14T15:59:18.976Z] [INFO] Processed 25000 documents, found 25000 recent sales
[2025-07-14T15:59:19.075Z] [INFO] Processed 26000 documents, found 26000 recent sales
[2025-07-14T15:59:19.176Z] [INFO] Processed 27000 documents, found 27000 recent sales
[2025-07-14T15:59:19.279Z] [INFO] Processed 28000 documents, found 28000 recent sales
[2025-07-14T15:59:19.379Z] [INFO] Processed 29000 documents, found 29000 recent sales
[2025-07-14T15:59:19.483Z] [INFO] Processed 30000 documents, found 30000 recent sales
[2025-07-14T15:59:19.583Z] [INFO] Processed 31000 documents, found 31000 recent sales
[2025-07-14T15:59:19.686Z] [INFO] Processed 32000 documents, found 32000 recent sales
[2025-07-14T15:59:19.788Z] [INFO] Processed 33000 documents, found 33000 recent sales
[2025-07-14T15:59:19.892Z] [INFO] Processed 34000 documents, found 34000 recent sales
[2025-07-14T15:59:19.998Z] [INFO] Processed 35000 documents, found 35000 recent sales
[2025-07-14T15:59:20.100Z] [INFO] Processed 36000 documents, found 36000 recent sales
[2025-07-14T15:59:20.231Z] [INFO] Processed 37000 documents, found 37000 recent sales
[2025-07-14T15:59:20.349Z] [INFO] Processed 38000 documents, found 38000 recent sales
[2025-07-14T15:59:20.468Z] [INFO] Processed 39000 documents, found 39000 recent sales
[2025-07-14T15:59:20.581Z] [INFO] Processed 40000 documents, found 40000 recent sales
[2025-07-14T15:59:20.695Z] [INFO] Processed 41000 documents, found 41000 recent sales
[2025-07-14T15:59:20.811Z] [INFO] Processed 42000 documents, found 42000 recent sales
[2025-07-14T15:59:20.921Z] [INFO] Processed 43000 documents, found 43000 recent sales
[2025-07-14T15:59:21.033Z] [INFO] Processed 44000 documents, found 44000 recent sales
[2025-07-14T15:59:21.258Z] [INFO] Processed 45000 documents, found 45000 recent sales
[2025-07-14T15:59:21.411Z] [INFO] Processed 46000 documents, found 46000 recent sales
[2025-07-14T15:59:21.562Z] [INFO] Processed 47000 documents, found 47000 recent sales
[2025-07-14T15:59:21.723Z] [INFO] Processed 48000 documents, found 48000 recent sales
[2025-07-14T15:59:21.874Z] [INFO] Processed 49000 documents, found 49000 recent sales
[2025-07-14T15:59:22.030Z] [INFO] Processed 50000 documents, found 50000 recent sales
[2025-07-14T15:59:22.195Z] [INFO] Found 50000 recent sales from properties index
[2025-07-14T15:59:22.195Z] [INFO] Indexing 50000 sales records
[2025-07-14T15:59:26.398Z] [INFO] Successfully indexed 50000 sales records
[2025-07-14T15:59:26.399Z] [INFO] Total records indexed: 50000
[2025-07-14T15:59:26.399Z] [INFO] Indexing process completed in 12.18 seconds
