bash: /usr/bin/node: No such file or directory
Starting Elasticsearch data update...
Creating backup of current data...
Backup created: properties-backup-2025-07-11t16-28-43-599z
Downloading pp-complete.csv...

Download completed: pp-complete.csv
Deleting old index...
Index deleted.
Re-importing data...

> bmv-finder@0.1.0 populate-es
> node scripts/populate-elasticsearch.js

Creating index 'properties'...
Index 'properties' created successfully!
Starting to index CSV data (resuming from line 0)...
This may take a while for the full dataset...

🎉 Indexing completed successfully!
📊 Total records indexed: 0
⏱️  Total time: 0.76 seconds
🚀 Average rate: 0 records/second
📁 Lines processed: 0
✅ Index refreshed and ready for search!
✅ Data update completed successfully!
[dotenv@17.2.0] injecting env (0) from .env (tip: ⚙️  load multiple .env files with { path: ['.env.local', '.env'] })
Starting Elasticsearch data update...
Creating backup of current data...
Backup created: properties-backup-2025-07-12t01-30-01-103z
Downloading pp-complete.csv...

Download completed: pp-complete.csv
Deleting old index...
Index deleted.
Re-importing data...
/bin/sh: npm: command not found
❌ Data update failed: Command failed: npm run populate-es
/bin/sh: npm: command not found
[dotenv@17.2.0] injecting env (0) from .env (tip: ⚙️  enable debug logging with { debug: true })
Starting Elasticsearch data update...
Creating backup of current data...
Backup created: properties-backup-2025-07-13t01-30-01-158z
Downloading pp-complete.csv...

Download completed: pp-complete.csv
Deleting old index...
Index deleted.
Re-importing data...
/bin/sh: npm: command not found
❌ Data update failed: Command failed: npm run populate-es
[dotenv@17.2.0] injecting env (0) from .env (tip: ⚙️  write to custom object with { processEnv: myObject })
Starting Elasticsearch data update...
Creating backup of current data...
Backup created: properties-backup-2025-07-14t01-30-01-334z
Downloading pp-complete.csv...

Download completed: pp-complete.csv
Deleting old index...
Index deleted.
Re-importing data...
/bin/sh: npm: command not found
❌ Data update failed: Command failed: npm run populate-es
