2025-07-16T12:46:57.333Z: Setting up SQLite database and EPC table...
2025-07-16T12:46:57.351Z: Database setup complete.
2025-07-16T12:46:57.352Z: Loading EPC data into SQLite...
2025-07-16T12:46:57.779Z: Loaded 100,000 EPC records into DB...
2025-07-16T12:46:58.151Z: Loaded 200,000 EPC records into DB...
2025-07-16T12:46:58.510Z: Loaded 300,000 EPC records into DB...
2025-07-16T12:46:58.865Z: Loaded 400,000 EPC records into DB...
2025-07-16T12:46:59.220Z: Loaded 500,000 EPC records into DB...
2025-07-16T12:46:59.571Z: Loaded 600,000 EPC records into DB...
2025-07-16T12:46:59.921Z: Loaded 700,000 EPC records into DB...
2025-07-16T12:47:00.264Z: Loaded 800,000 EPC records into DB...
2025-07-16T12:47:00.613Z: Loaded 900,000 EPC records into DB...
2025-07-16T12:47:00.966Z: Loaded 1,000,000 EPC records into DB...
2025-07-16T12:47:01.313Z: Loaded 1,100,000 EPC records into DB...
2025-07-16T12:47:01.664Z: Loaded 1,200,000 EPC records into DB...
2025-07-16T12:47:02.017Z: Loaded 1,300,000 EPC records into DB...
2025-07-16T12:47:02.366Z: Loaded 1,400,000 EPC records into DB...
2025-07-16T12:47:02.720Z: Loaded 1,500,000 EPC records into DB...
2025-07-16T12:47:03.071Z: Loaded 1,600,000 EPC records into DB...
2025-07-16T12:47:03.463Z: Loaded 1,700,000 EPC records into DB...
2025-07-16T12:47:03.809Z: Loaded 1,800,000 EPC records into DB...
2025-07-16T12:47:04.156Z: Loaded 1,900,000 EPC records into DB...
2025-07-16T12:47:04.509Z: Loaded 2,000,000 EPC records into DB...
2025-07-16T12:47:04.865Z: Loaded 2,100,000 EPC records into DB...
2025-07-16T12:47:05.217Z: Loaded 2,200,000 EPC records into DB...
2025-07-16T12:47:05.564Z: Loaded 2,300,000 EPC records into DB...
2025-07-16T12:47:05.914Z: Loaded 2,400,000 EPC records into DB...
2025-07-16T12:47:06.272Z: Loaded 2,500,000 EPC records into DB...
2025-07-16T12:47:06.623Z: Loaded 2,600,000 EPC records into DB...
2025-07-16T12:47:06.978Z: Loaded 2,700,000 EPC records into DB...
2025-07-16T12:47:07.327Z: Loaded 2,800,000 EPC records into DB...
2025-07-16T12:47:07.672Z: Loaded 2,900,000 EPC records into DB...
2025-07-16T12:47:08.022Z: Loaded 3,000,000 EPC records into DB...
2025-07-16T12:47:08.368Z: Loaded 3,100,000 EPC records into DB...
2025-07-16T12:47:08.717Z: Loaded 3,200,000 EPC records into DB...
2025-07-16T12:47:09.069Z: Loaded 3,300,000 EPC records into DB...
2025-07-16T12:47:09.417Z: Loaded 3,400,000 EPC records into DB...
2025-07-16T12:47:09.766Z: Loaded 3,500,000 EPC records into DB...
2025-07-16T12:47:10.113Z: Loaded 3,600,000 EPC records into DB...
2025-07-16T12:47:10.468Z: Loaded 3,700,000 EPC records into DB...
2025-07-16T12:47:10.820Z: Loaded 3,800,000 EPC records into DB...
2025-07-16T12:47:11.174Z: Loaded 3,900,000 EPC records into DB...
2025-07-16T12:47:11.526Z: Loaded 4,000,000 EPC records into DB...
2025-07-16T12:47:11.875Z: Loaded 4,100,000 EPC records into DB...
2025-07-16T12:47:12.221Z: Loaded 4,200,000 EPC records into DB...
2025-07-16T12:47:12.581Z: Loaded 4,300,000 EPC records into DB...
2025-07-16T12:47:12.942Z: Loaded 4,400,000 EPC records into DB...
2025-07-16T12:47:13.296Z: Loaded 4,500,000 EPC records into DB...
2025-07-16T12:47:13.644Z: Loaded 4,600,000 EPC records into DB...
2025-07-16T12:47:13.995Z: Loaded 4,700,000 EPC records into DB...
2025-07-16T12:47:14.343Z: Loaded 4,800,000 EPC records into DB...
2025-07-16T12:47:14.690Z: Loaded 4,900,000 EPC records into DB...
2025-07-16T12:47:15.039Z: Loaded 5,000,000 EPC records into DB...
2025-07-16T12:47:15.400Z: Loaded 5,100,000 EPC records into DB...
2025-07-16T12:47:15.746Z: Loaded 5,200,000 EPC records into DB...
2025-07-16T12:47:16.095Z: Loaded 5,300,000 EPC records into DB...
2025-07-16T12:47:16.448Z: Loaded 5,400,000 EPC records into DB...
2025-07-16T12:47:16.796Z: Loaded 5,500,000 EPC records into DB...
2025-07-16T12:47:17.142Z: Loaded 5,600,000 EPC records into DB...
2025-07-16T12:47:17.484Z: Loaded 5,700,000 EPC records into DB...
2025-07-16T12:47:17.833Z: Loaded 5,800,000 EPC records into DB...
2025-07-16T12:47:18.183Z: Loaded 5,900,000 EPC records into DB...
2025-07-16T12:47:18.531Z: Loaded 6,000,000 EPC records into DB...
2025-07-16T12:47:18.878Z: Loaded 6,100,000 EPC records into DB...
2025-07-16T12:47:19.228Z: Loaded 6,200,000 EPC records into DB...
2025-07-16T12:47:19.574Z: Loaded 6,300,000 EPC records into DB...
2025-07-16T12:47:19.926Z: Loaded 6,400,000 EPC records into DB...
2025-07-16T12:47:20.272Z: Loaded 6,500,000 EPC records into DB...
2025-07-16T12:47:20.622Z: Loaded 6,600,000 EPC records into DB...
2025-07-16T12:47:20.974Z: Loaded 6,700,000 EPC records into DB...
2025-07-16T12:47:21.323Z: Loaded 6,800,000 EPC records into DB...
2025-07-16T12:47:21.674Z: Loaded 6,900,000 EPC records into DB...
2025-07-16T12:47:22.022Z: Loaded 7,000,000 EPC records into DB...
2025-07-16T12:47:22.369Z: Loaded 7,100,000 EPC records into DB...
2025-07-16T12:47:22.716Z: Loaded 7,200,000 EPC records into DB...
2025-07-16T12:47:23.063Z: Loaded 7,300,000 EPC records into DB...
2025-07-16T12:47:23.414Z: Loaded 7,400,000 EPC records into DB...
2025-07-16T12:47:23.765Z: Loaded 7,500,000 EPC records into DB...
2025-07-16T12:47:24.117Z: Loaded 7,600,000 EPC records into DB...
2025-07-16T12:47:24.475Z: Loaded 7,700,000 EPC records into DB...
2025-07-16T12:47:24.871Z: Loaded 7,800,000 EPC records into DB...
2025-07-16T12:47:25.224Z: Loaded 7,900,000 EPC records into DB...
2025-07-16T12:47:25.574Z: Loaded 8,000,000 EPC records into DB...
2025-07-16T12:47:25.924Z: Loaded 8,100,000 EPC records into DB...
2025-07-16T12:47:26.272Z: Loaded 8,200,000 EPC records into DB...
2025-07-16T12:47:26.623Z: Loaded 8,300,000 EPC records into DB...
2025-07-16T12:47:26.980Z: Loaded 8,400,000 EPC records into DB...
2025-07-16T12:47:27.325Z: Loaded 8,500,000 EPC records into DB...
2025-07-16T12:47:27.673Z: Loaded 8,600,000 EPC records into DB...
2025-07-16T12:47:28.046Z: Loaded 8,700,000 EPC records into DB...
2025-07-16T12:47:28.392Z: Loaded 8,800,000 EPC records into DB...
2025-07-16T12:47:28.732Z: Loaded 8,900,000 EPC records into DB...
2025-07-16T12:47:29.072Z: Loaded 9,000,000 EPC records into DB...
2025-07-16T12:47:29.418Z: Loaded 9,100,000 EPC records into DB...
2025-07-16T12:47:29.771Z: Loaded 9,200,000 EPC records into DB...
2025-07-16T12:47:30.121Z: Loaded 9,300,000 EPC records into DB...
2025-07-16T12:47:30.476Z: Loaded 9,400,000 EPC records into DB...
2025-07-16T12:47:30.823Z: Loaded 9,500,000 EPC records into DB...
2025-07-16T12:47:31.175Z: Loaded 9,600,000 EPC records into DB...
2025-07-16T12:47:31.529Z: Loaded 9,700,000 EPC records into DB...
2025-07-16T12:47:31.881Z: Loaded 9,800,000 EPC records into DB...
2025-07-16T12:47:32.233Z: Loaded 9,900,000 EPC records into DB...
2025-07-16T12:47:32.581Z: Loaded 10,000,000 EPC records into DB...
2025-07-16T12:47:32.929Z: Loaded 10,100,000 EPC records into DB...
2025-07-16T12:47:33.271Z: Loaded 10,200,000 EPC records into DB...
2025-07-16T12:47:33.618Z: Loaded 10,300,000 EPC records into DB...
2025-07-16T12:47:33.959Z: Loaded 10,400,000 EPC records into DB...
2025-07-16T12:47:34.306Z: Loaded 10,500,000 EPC records into DB...
2025-07-16T12:47:34.657Z: Loaded 10,600,000 EPC records into DB...
2025-07-16T12:47:35.007Z: Loaded 10,700,000 EPC records into DB...
2025-07-16T12:47:35.360Z: Loaded 10,800,000 EPC records into DB...
2025-07-16T12:47:35.710Z: Loaded 10,900,000 EPC records into DB...
2025-07-16T12:47:36.064Z: Loaded 11,000,000 EPC records into DB...
2025-07-16T12:47:36.414Z: Loaded 11,100,000 EPC records into DB...
2025-07-16T12:47:36.769Z: Loaded 11,200,000 EPC records into DB...
2025-07-16T12:47:37.122Z: Loaded 11,300,000 EPC records into DB...
2025-07-16T12:47:37.473Z: Loaded 11,400,000 EPC records into DB...
2025-07-16T12:47:37.819Z: Loaded 11,500,000 EPC records into DB...
2025-07-16T12:47:38.167Z: Loaded 11,600,000 EPC records into DB...
2025-07-16T12:47:38.513Z: Loaded 11,700,000 EPC records into DB...
2025-07-16T12:47:38.860Z: Loaded 11,800,000 EPC records into DB...
2025-07-16T12:47:39.210Z: Loaded 11,900,000 EPC records into DB...
2025-07-16T12:47:39.560Z: Loaded 12,000,000 EPC records into DB...
2025-07-16T12:47:39.908Z: Loaded 12,100,000 EPC records into DB...
2025-07-16T12:47:40.250Z: Loaded 12,200,000 EPC records into DB...
2025-07-16T12:47:40.598Z: Loaded 12,300,000 EPC records into DB...
2025-07-16T12:47:40.950Z: Loaded 12,400,000 EPC records into DB...
2025-07-16T12:47:41.307Z: Loaded 12,500,000 EPC records into DB...
2025-07-16T12:47:41.658Z: Loaded 12,600,000 EPC records into DB...
2025-07-16T12:47:42.011Z: Loaded 12,700,000 EPC records into DB...
2025-07-16T12:47:42.366Z: Loaded 12,800,000 EPC records into DB...
2025-07-16T12:47:42.725Z: Loaded 12,900,000 EPC records into DB...
2025-07-16T12:47:43.089Z: Loaded 13,000,000 EPC records into DB...
2025-07-16T12:47:43.441Z: Loaded 13,100,000 EPC records into DB...
2025-07-16T12:47:43.794Z: Loaded 13,200,000 EPC records into DB...
2025-07-16T12:47:44.142Z: Loaded 13,300,000 EPC records into DB...
2025-07-16T12:47:44.492Z: Loaded 13,400,000 EPC records into DB...
2025-07-16T12:47:44.843Z: Loaded 13,500,000 EPC records into DB...
2025-07-16T12:47:45.286Z: Loaded 13,600,000 EPC records into DB...
2025-07-16T12:47:45.641Z: Loaded 13,700,000 EPC records into DB...
2025-07-16T12:47:46.009Z: Loaded 13,800,000 EPC records into DB...
2025-07-16T12:47:46.368Z: Loaded 13,900,000 EPC records into DB...
2025-07-16T12:47:46.716Z: Loaded 14,000,000 EPC records into DB...
2025-07-16T12:47:47.062Z: Loaded 14,100,000 EPC records into DB...
2025-07-16T12:47:47.414Z: Loaded 14,200,000 EPC records into DB...
2025-07-16T12:47:47.772Z: Loaded 14,300,000 EPC records into DB...
2025-07-16T12:47:48.120Z: Loaded 14,400,000 EPC records into DB...
2025-07-16T12:47:48.471Z: Loaded 14,500,000 EPC records into DB...
2025-07-16T12:47:48.817Z: Loaded 14,600,000 EPC records into DB...
2025-07-16T12:47:49.166Z: Loaded 14,700,000 EPC records into DB...
2025-07-16T12:47:49.512Z: Loaded 14,800,000 EPC records into DB...
2025-07-16T12:47:49.857Z: Loaded 14,900,000 EPC records into DB...
2025-07-16T12:47:50.206Z: Loaded 15,000,000 EPC records into DB...
2025-07-16T12:47:50.553Z: Loaded 15,100,000 EPC records into DB...
2025-07-16T12:47:50.906Z: Loaded 15,200,000 EPC records into DB...
2025-07-16T12:47:51.257Z: Loaded 15,300,000 EPC records into DB...
2025-07-16T12:47:51.602Z: Loaded 15,400,000 EPC records into DB...
2025-07-16T12:47:51.952Z: Loaded 15,500,000 EPC records into DB...
2025-07-16T12:47:52.304Z: Loaded 15,600,000 EPC records into DB...
2025-07-16T12:47:52.659Z: Loaded 15,700,000 EPC records into DB...
2025-07-16T12:47:53.012Z: Loaded 15,800,000 EPC records into DB...
2025-07-16T12:47:53.363Z: Loaded 15,900,000 EPC records into DB...
2025-07-16T12:47:53.711Z: Loaded 16,000,000 EPC records into DB...
2025-07-16T12:47:54.065Z: Loaded 16,100,000 EPC records into DB...
2025-07-16T12:47:54.418Z: Loaded 16,200,000 EPC records into DB...
2025-07-16T12:47:54.766Z: Loaded 16,300,000 EPC records into DB...
2025-07-16T12:47:55.115Z: Loaded 16,400,000 EPC records into DB...
2025-07-16T12:47:55.472Z: Loaded 16,500,000 EPC records into DB...
2025-07-16T12:47:55.822Z: Loaded 16,600,000 EPC records into DB...
2025-07-16T12:47:56.169Z: Loaded 16,700,000 EPC records into DB...
2025-07-16T12:47:56.522Z: Loaded 16,800,000 EPC records into DB...
2025-07-16T12:47:56.876Z: Loaded 16,900,000 EPC records into DB...
2025-07-16T12:47:57.233Z: Loaded 17,000,000 EPC records into DB...
2025-07-16T12:47:57.586Z: Loaded 17,100,000 EPC records into DB...
2025-07-16T12:47:57.945Z: Loaded 17,200,000 EPC records into DB...
2025-07-16T12:47:58.298Z: Loaded 17,300,000 EPC records into DB...
2025-07-16T12:47:58.646Z: Loaded 17,400,000 EPC records into DB...
2025-07-16T12:47:58.995Z: Loaded 17,500,000 EPC records into DB...
2025-07-16T12:47:59.346Z: Loaded 17,600,000 EPC records into DB...
2025-07-16T12:47:59.699Z: Loaded 17,700,000 EPC records into DB...
2025-07-16T12:48:00.052Z: Loaded 17,800,000 EPC records into DB...
2025-07-16T12:48:00.397Z: Loaded 17,900,000 EPC records into DB...
2025-07-16T12:48:00.744Z: Loaded 18,000,000 EPC records into DB...
2025-07-16T12:48:01.090Z: Loaded 18,100,000 EPC records into DB...
2025-07-16T12:48:01.442Z: Loaded 18,200,000 EPC records into DB...
2025-07-16T12:48:01.792Z: Loaded 18,300,000 EPC records into DB...
2025-07-16T12:48:02.141Z: Loaded 18,400,000 EPC records into DB...
2025-07-16T12:48:02.492Z: Loaded 18,500,000 EPC records into DB...
2025-07-16T12:48:02.843Z: Loaded 18,600,000 EPC records into DB...
2025-07-16T12:48:03.199Z: Loaded 18,700,000 EPC records into DB...
2025-07-16T12:48:03.550Z: Loaded 18,800,000 EPC records into DB...
2025-07-16T12:48:03.902Z: Loaded 18,900,000 EPC records into DB...
2025-07-16T12:48:04.253Z: Loaded 19,000,000 EPC records into DB...
2025-07-16T12:48:04.606Z: Loaded 19,100,000 EPC records into DB...
2025-07-16T12:48:04.956Z: Loaded 19,200,000 EPC records into DB...
2025-07-16T12:48:05.303Z: Loaded 19,300,000 EPC records into DB...
2025-07-16T12:48:05.655Z: Loaded 19,400,000 EPC records into DB...
2025-07-16T12:48:06.000Z: Loaded 19,500,000 EPC records into DB...
2025-07-16T12:48:06.354Z: Loaded 19,600,000 EPC records into DB...
2025-07-16T12:48:06.707Z: Loaded 19,700,000 EPC records into DB...
2025-07-16T12:48:07.058Z: Loaded 19,800,000 EPC records into DB...
2025-07-16T12:48:07.413Z: Loaded 19,900,000 EPC records into DB...
2025-07-16T12:48:07.760Z: Loaded 20,000,000 EPC records into DB...
2025-07-16T12:48:08.108Z: Loaded 20,100,000 EPC records into DB...
2025-07-16T12:48:08.459Z: Loaded 20,200,000 EPC records into DB...
2025-07-16T12:48:08.809Z: Loaded 20,300,000 EPC records into DB...
2025-07-16T12:48:09.159Z: Loaded 20,400,000 EPC records into DB...
2025-07-16T12:48:09.505Z: Loaded 20,500,000 EPC records into DB...
2025-07-16T12:48:09.853Z: Loaded 20,600,000 EPC records into DB...
2025-07-16T12:48:10.208Z: Loaded 20,700,000 EPC records into DB...
2025-07-16T12:48:10.558Z: Loaded 20,800,000 EPC records into DB...
2025-07-16T12:48:10.863Z: Finished loading 20,882,037 EPC records.
2025-07-16T12:48:10.864Z: Loading HPI data...
2025-07-16T12:48:10.864Z: Starting merge and enrichment...
2025-07-16T12:48:25.391Z: Processed 25,000 properties. EPC Match: 0.0%, HPI Match: 0.0%
2025-07-16T12:48:38.698Z: Processed 50,000 properties. EPC Match: 0.0%, HPI Match: 0.0%
2025-07-16T12:48:50.881Z: Processed 75,000 properties. EPC Match: 0.0%, HPI Match: 0.0%
2025-07-16T12:49:00.363Z: Processed 100,000 properties. EPC Match: 0.0%, HPI Match: 0.0%
2025-07-16T12:49:12.359Z: Processed 125,000 properties. EPC Match: 0.0%, HPI Match: 0.0%
2025-07-16T12:49:27.533Z: Processed 150,000 properties. EPC Match: 0.0%, HPI Match: 0.0%
2025-07-16T12:49:39.807Z: Processed 175,000 properties. EPC Match: 0.0%, HPI Match: 0.0%
2025-07-16T12:49:52.116Z: Processed 200,000 properties. EPC Match: 0.0%, HPI Match: 0.0%
2025-07-16T12:50:06.868Z: Processed 225,000 properties. EPC Match: 0.0%, HPI Match: 0.0%
2025-07-16T12:50:19.256Z: Processed 250,000 properties. EPC Match: 0.0%, HPI Match: 0.0%
2025-07-16T12:50:30.051Z: Processed 275,000 properties. EPC Match: 0.0%, HPI Match: 0.0%
2025-07-16T12:50:43.625Z: Processed 300,000 properties. EPC Match: 0.0%, HPI Match: 0.0%
2025-07-16T12:50:59.334Z: Processed 325,000 properties. EPC Match: 0.0%, HPI Match: 0.0%
2025-07-16T12:51:11.763Z: Processed 350,000 properties. EPC Match: 0.0%, HPI Match: 0.0%
2025-07-16T12:51:24.353Z: Processed 375,000 properties. EPC Match: 0.0%, HPI Match: 0.0%
2025-07-16T12:51:34.224Z: Processed 400,000 properties. EPC Match: 0.0%, HPI Match: 0.0%
2025-07-16T12:51:46.269Z: Processed 425,000 properties. EPC Match: 0.0%, HPI Match: 0.0%
2025-07-16T12:51:59.082Z: Processed 450,000 properties. EPC Match: 0.0%, HPI Match: 0.0%
2025-07-16T12:52:11.144Z: Processed 475,000 properties. EPC Match: 0.0%, HPI Match: 0.0%
2025-07-16T12:52:23.051Z: Processed 500,000 properties. EPC Match: 0.0%, HPI Match: 0.0%
2025-07-16T12:52:33.558Z: Processed 525,000 properties. EPC Match: 0.0%, HPI Match: 0.0%
2025-07-16T12:52:46.271Z: Processed 550,000 properties. EPC Match: 0.0%, HPI Match: 0.0%
2025-07-16T12:52:58.543Z: Processed 575,000 properties. EPC Match: 0.0%, HPI Match: 0.0%
2025-07-16T12:53:09.873Z: Processed 600,000 properties. EPC Match: 0.0%, HPI Match: 0.0%
2025-07-16T12:53:23.003Z: Processed 625,000 properties. EPC Match: 0.0%, HPI Match: 0.0%
2025-07-16T12:53:36.064Z: Processed 650,000 properties. EPC Match: 0.0%, HPI Match: 0.0%
2025-07-16T12:53:44.920Z: Processed 675,000 properties. EPC Match: 0.0%, HPI Match: 0.0%
2025-07-16T12:53:57.466Z: Processed 700,000 properties. EPC Match: 0.0%, HPI Match: 0.0%
2025-07-16T12:54:09.331Z: Processed 725,000 properties. EPC Match: 0.0%, HPI Match: 0.0%
2025-07-16T12:54:22.027Z: Processed 750,000 properties. EPC Match: 0.0%, HPI Match: 0.0%
2025-07-16T12:54:33.848Z: Processed 775,000 properties. EPC Match: 0.0%, HPI Match: 0.0%
2025-07-16T12:54:47.606Z: Processed 800,000 properties. EPC Match: 0.0%, HPI Match: 0.0%
2025-07-16T12:55:01.841Z: Processed 825,000 properties. EPC Match: 0.0%, HPI Match: 0.0%
2025-07-16T12:55:14.701Z: Processed 850,000 properties. EPC Match: 0.0%, HPI Match: 0.0%
2025-07-16T12:55:26.639Z: Processed 875,000 properties. EPC Match: 0.0%, HPI Match: 0.0%
2025-07-16T12:55:36.569Z: Processed 900,000 properties. EPC Match: 0.0%, HPI Match: 0.0%
2025-07-16T12:55:45.823Z: Processed 925,000 properties. EPC Match: 0.0%, HPI Match: 0.0%
2025-07-16T12:55:54.257Z: Processed 950,000 properties. EPC Match: 0.0%, HPI Match: 0.0%
2025-07-16T12:56:06.286Z: Processed 975,000 properties. EPC Match: 0.0%, HPI Match: 0.0%
2025-07-16T12:56:18.384Z: Processed 1,000,000 properties. EPC Match: 0.0%, HPI Match: 0.0%
2025-07-16T12:56:31.481Z: Processed 1,025,000 properties. EPC Match: 0.0%, HPI Match: 0.0%
2025-07-16T12:56:44.648Z: Processed 1,050,000 properties. EPC Match: 0.0%, HPI Match: 0.0%
2025-07-16T12:56:57.930Z: Processed 1,075,000 properties. EPC Match: 0.0%, HPI Match: 0.0%
2025-07-16T12:57:10.026Z: Processed 1,100,000 properties. EPC Match: 0.0%, HPI Match: 0.0%
2025-07-16T12:57:23.089Z: Processed 1,125,000 properties. EPC Match: 0.0%, HPI Match: 0.0%
2025-07-16T12:57:36.730Z: Processed 1,150,000 properties. EPC Match: 0.0%, HPI Match: 0.0%
2025-07-16T12:57:50.731Z: Processed 1,175,000 properties. EPC Match: 0.0%, HPI Match: 0.0%
2025-07-16T12:58:05.775Z: Processed 1,200,000 properties. EPC Match: 0.0%, HPI Match: 0.0%
2025-07-16T12:58:19.140Z: Processed 1,225,000 properties. EPC Match: 0.0%, HPI Match: 0.0%
2025-07-16T12:58:31.796Z: Processed 1,250,000 properties. EPC Match: 0.0%, HPI Match: 0.0%
2025-07-16T12:58:43.936Z: Processed 1,275,000 properties. EPC Match: 0.0%, HPI Match: 0.0%
2025-07-16T12:58:58.092Z: Processed 1,300,000 properties. EPC Match: 0.0%, HPI Match: 0.0%
2025-07-16T12:59:09.692Z: Processed 1,325,000 properties. EPC Match: 0.0%, HPI Match: 0.0%
2025-07-16T12:59:23.656Z: Processed 1,350,000 properties. EPC Match: 0.0%, HPI Match: 0.0%
2025-07-16T12:59:34.998Z: Processed 1,375,000 properties. EPC Match: 0.0%, HPI Match: 0.0%
2025-07-16T12:59:48.019Z: Processed 1,400,000 properties. EPC Match: 0.0%, HPI Match: 0.0%
2025-07-16T13:00:00.294Z: Processed 1,425,000 properties. EPC Match: 0.0%, HPI Match: 0.0%
2025-07-16T13:00:12.181Z: Processed 1,450,000 properties. EPC Match: 0.0%, HPI Match: 0.0%
2025-07-16T13:00:23.335Z: Processed 1,475,000 properties. EPC Match: 0.0%, HPI Match: 0.0%
2025-07-16T13:00:31.320Z: Processed 1,500,000 properties. EPC Match: 0.0%, HPI Match: 0.0%
2025-07-16T13:00:41.129Z: Processed 1,525,000 properties. EPC Match: 0.0%, HPI Match: 0.0%
2025-07-16T13:00:52.784Z: Processed 1,550,000 properties. EPC Match: 0.0%, HPI Match: 0.0%
2025-07-16T13:01:06.220Z: Processed 1,575,000 properties. EPC Match: 0.0%, HPI Match: 0.0%
2025-07-16T13:01:17.886Z: Processed 1,600,000 properties. EPC Match: 0.0%, HPI Match: 0.0%
2025-07-16T13:01:30.130Z: Processed 1,625,000 properties. EPC Match: 0.0%, HPI Match: 0.0%
2025-07-16T13:01:40.827Z: Processed 1,650,000 properties. EPC Match: 0.0%, HPI Match: 0.0%
2025-07-16T13:01:54.369Z: Processed 1,675,000 properties. EPC Match: 0.0%, HPI Match: 0.0%
2025-07-16T13:02:07.338Z: Processed 1,700,000 properties. EPC Match: 0.0%, HPI Match: 0.0%
2025-07-16T13:02:18.894Z: Processed 1,725,000 properties. EPC Match: 0.0%, HPI Match: 0.0%
2025-07-16T13:02:31.484Z: Processed 1,750,000 properties. EPC Match: 0.0%, HPI Match: 0.0%
2025-07-16T13:02:43.074Z: Processed 1,775,000 properties. EPC Match: 0.0%, HPI Match: 0.0%
2025-07-16T13:02:54.928Z: Processed 1,800,000 properties. EPC Match: 0.0%, HPI Match: 0.0%
2025-07-16T13:03:06.433Z: Processed 1,825,000 properties. EPC Match: 0.0%, HPI Match: 0.0%
2025-07-16T13:03:18.086Z: Processed 1,850,000 properties. EPC Match: 0.0%, HPI Match: 0.0%
2025-07-16T13:03:29.597Z: Processed 1,875,000 properties. EPC Match: 0.0%, HPI Match: 0.0%
2025-07-16T13:03:41.729Z: Processed 1,900,000 properties. EPC Match: 0.0%, HPI Match: 0.0%
2025-07-16T13:03:51.230Z: Processed 1,925,000 properties. EPC Match: 0.0%, HPI Match: 0.0%
2025-07-16T13:04:04.094Z: Processed 1,950,000 properties. EPC Match: 0.0%, HPI Match: 0.0%
2025-07-16T13:04:15.756Z: Processed 1,975,000 properties. EPC Match: 0.0%, HPI Match: 0.0%
2025-07-16T13:04:28.152Z: Processed 2,000,000 properties. EPC Match: 0.0%, HPI Match: 0.0%
2025-07-16T13:04:41.721Z: Processed 2,025,000 properties. EPC Match: 0.0%, HPI Match: 0.0%
2025-07-16T13:04:53.241Z: Processed 2,050,000 properties. EPC Match: 0.0%, HPI Match: 0.0%
2025-07-16T13:05:03.082Z: Processed 2,075,000 properties. EPC Match: 0.0%, HPI Match: 0.0%
2025-07-16T13:05:15.830Z: Processed 2,100,000 properties. EPC Match: 0.0%, HPI Match: 0.0%
2025-07-16T13:05:26.936Z: Processed 2,125,000 properties. EPC Match: 0.0%, HPI Match: 0.0%
2025-07-16T13:05:38.428Z: Processed 2,150,000 properties. EPC Match: 0.0%, HPI Match: 0.0%
2025-07-16T13:05:51.019Z: Processed 2,175,000 properties. EPC Match: 0.0%, HPI Match: 0.0%
2025-07-16T13:06:02.412Z: Processed 2,200,000 properties. EPC Match: 0.0%, HPI Match: 0.0%
2025-07-16T13:06:15.403Z: Processed 2,225,000 properties. EPC Match: 0.0%, HPI Match: 0.0%
2025-07-16T13:06:27.566Z: Processed 2,250,000 properties. EPC Match: 0.0%, HPI Match: 0.0%
2025-07-16T13:06:37.827Z: Processed 2,275,000 properties. EPC Match: 0.0%, HPI Match: 0.0%
2025-07-16T13:06:48.378Z: Processed 2,300,000 properties. EPC Match: 0.0%, HPI Match: 0.0%
2025-07-16T13:07:00.866Z: Processed 2,325,000 properties. EPC Match: 0.0%, HPI Match: 0.0%
2025-07-16T13:07:13.044Z: Processed 2,350,000 properties. EPC Match: 0.0%, HPI Match: 0.0%
2025-07-16T13:07:23.003Z: Processed 2,375,000 properties. EPC Match: 0.0%, HPI Match: 0.0%
2025-07-16T13:07:31.613Z: Processed 2,400,000 properties. EPC Match: 0.0%, HPI Match: 0.0%
2025-07-16T13:07:44.526Z: Processed 2,425,000 properties. EPC Match: 0.0%, HPI Match: 0.0%
2025-07-16T13:07:56.460Z: Processed 2,450,000 properties. EPC Match: 0.0%, HPI Match: 0.0%
2025-07-16T13:08:06.639Z: Processed 2,475,000 properties. EPC Match: 0.0%, HPI Match: 0.0%
2025-07-16T13:08:18.371Z: Processed 2,500,000 properties. EPC Match: 0.0%, HPI Match: 0.0%
2025-07-16T13:08:30.415Z: Processed 2,525,000 properties. EPC Match: 0.0%, HPI Match: 0.0%
2025-07-16T13:08:42.236Z: Processed 2,550,000 properties. EPC Match: 0.0%, HPI Match: 0.0%
2025-07-16T13:08:54.727Z: Processed 2,575,000 properties. EPC Match: 0.0%, HPI Match: 0.0%
2025-07-16T13:09:06.908Z: Processed 2,600,000 properties. EPC Match: 0.0%, HPI Match: 0.0%
2025-07-16T13:09:17.683Z: Processed 2,625,000 properties. EPC Match: 0.0%, HPI Match: 0.0%
2025-07-16T13:09:30.167Z: Processed 2,650,000 properties. EPC Match: 0.0%, HPI Match: 0.0%
2025-07-16T13:26:40.861Z: Processed 2,675,000 properties. EPC Match: 0.0%, HPI Match: 0.0%
2025-07-16T13:26:52.053Z: Processed 2,700,000 properties. EPC Match: 0.0%, HPI Match: 0.0%
2025-07-16T13:27:01.981Z: Processed 2,725,000 properties. EPC Match: 0.0%, HPI Match: 0.0%
2025-07-16T13:27:12.968Z: Processed 2,750,000 properties. EPC Match: 0.0%, HPI Match: 0.0%
2025-07-16T13:27:23.312Z: Processed 2,775,000 properties. EPC Match: 0.0%, HPI Match: 0.0%
2025-07-16T13:32:46.857Z: Processed 2,800,000 properties. EPC Match: 0.0%, HPI Match: 0.0%
2025-07-16T13:32:58.871Z: Processed 2,825,000 properties. EPC Match: 0.0%, HPI Match: 0.0%
2025-07-16T13:33:09.966Z: Processed 2,850,000 properties. EPC Match: 0.0%, HPI Match: 0.0%
2025-07-16T13:33:19.804Z: Processed 2,875,000 properties. EPC Match: 0.0%, HPI Match: 0.0%
2025-07-16T13:33:29.648Z: Processed 2,900,000 properties. EPC Match: 0.0%, HPI Match: 0.0%
2025-07-16T13:33:41.454Z: Processed 2,925,000 properties. EPC Match: 0.0%, HPI Match: 0.0%
2025-07-16T13:33:53.714Z: Processed 2,950,000 properties. EPC Match: 0.0%, HPI Match: 0.0%
2025-07-16T13:34:05.466Z: Processed 2,975,000 properties. EPC Match: 0.0%, HPI Match: 0.0%
2025-07-16T13:34:22.806Z: Processed 3,000,000 properties. EPC Match: 0.0%, HPI Match: 0.0%
2025-07-16T13:34:38.554Z: Processed 3,025,000 properties. EPC Match: 0.0%, HPI Match: 0.0%
2025-07-16T13:34:55.800Z: Processed 3,050,000 properties. EPC Match: 0.0%, HPI Match: 0.0%
2025-07-16T13:35:13.454Z: Processed 3,075,000 properties. EPC Match: 0.0%, HPI Match: 0.0%
2025-07-16T13:35:26.906Z: Processed 3,100,000 properties. EPC Match: 0.0%, HPI Match: 0.0%
2025-07-16T13:35:41.589Z: Processed 3,125,000 properties. EPC Match: 0.0%, HPI Match: 0.0%
2025-07-16T13:35:58.294Z: Processed 3,150,000 properties. EPC Match: 0.0%, HPI Match: 0.0%
2025-07-16T13:36:15.639Z: Processed 3,175,000 properties. EPC Match: 0.0%, HPI Match: 0.0%
2025-07-16T13:36:36.927Z: Processed 3,200,000 properties. EPC Match: 0.0%, HPI Match: 0.0%
2025-07-16T13:36:58.298Z: Processed 3,225,000 properties. EPC Match: 0.0%, HPI Match: 0.0%
2025-07-16T13:37:17.502Z: Processed 3,250,000 properties. EPC Match: 0.0%, HPI Match: 0.0%
2025-07-16T13:37:35.617Z: Processed 3,275,000 properties. EPC Match: 0.0%, HPI Match: 0.0%
2025-07-16T13:37:58.866Z: Processed 3,300,000 properties. EPC Match: 0.0%, HPI Match: 0.0%
2025-07-16T13:38:19.270Z: Processed 3,325,000 properties. EPC Match: 0.0%, HPI Match: 0.0%
2025-07-16T13:38:38.578Z: Processed 3,350,000 properties. EPC Match: 0.0%, HPI Match: 0.0%
2025-07-16T13:39:24.746Z: Processed 3,375,000 properties. EPC Match: 0.0%, HPI Match: 0.0%
2025-07-16T13:40:08.672Z: Processed 3,400,000 properties. EPC Match: 0.0%, HPI Match: 0.0%
2025-07-16T13:40:58.824Z: Processed 3,425,000 properties. EPC Match: 0.0%, HPI Match: 0.0%
2025-07-16T13:41:39.857Z: Processed 3,450,000 properties. EPC Match: 0.0%, HPI Match: 0.0%
2025-07-16T13:52:19.579Z: Processed 3,475,000 properties. EPC Match: 0.0%, HPI Match: 0.0%
2025-07-16T13:52:31.494Z: Processed 3,500,000 properties. EPC Match: 0.0%, HPI Match: 0.0%
2025-07-16T13:52:43.282Z: Processed 3,525,000 properties. EPC Match: 0.0%, HPI Match: 0.0%
2025-07-16T14:05:01.874Z: Processed 3,550,000 properties. EPC Match: 0.0%, HPI Match: 0.0%
2025-07-16T14:05:14.293Z: Processed 3,575,000 properties. EPC Match: 0.0%, HPI Match: 0.0%
2025-07-16T14:05:23.648Z: Processed 3,600,000 properties. EPC Match: 0.0%, HPI Match: 0.0%
2025-07-16T14:05:35.694Z: Processed 3,625,000 properties. EPC Match: 0.0%, HPI Match: 0.0%
2025-07-16T14:05:47.923Z: Processed 3,650,000 properties. EPC Match: 0.0%, HPI Match: 0.0%
2025-07-16T14:05:58.852Z: Processed 3,675,000 properties. EPC Match: 0.0%, HPI Match: 0.0%
2025-07-16T14:06:10.223Z: Processed 3,700,000 properties. EPC Match: 0.0%, HPI Match: 0.0%
2025-07-16T14:06:19.995Z: Processed 3,725,000 properties. EPC Match: 0.0%, HPI Match: 0.0%
2025-07-16T14:06:30.191Z: Processed 3,750,000 properties. EPC Match: 0.0%, HPI Match: 0.0%
2025-07-16T14:06:40.045Z: Processed 3,775,000 properties. EPC Match: 0.0%, HPI Match: 0.0%
2025-07-16T14:06:53.070Z: Processed 3,800,000 properties. EPC Match: 0.0%, HPI Match: 0.0%
2025-07-16T14:07:04.979Z: Processed 3,825,000 properties. EPC Match: 0.0%, HPI Match: 0.0%
2025-07-16T14:07:20.024Z: Processed 3,850,000 properties. EPC Match: 0.0%, HPI Match: 0.0%
2025-07-16T14:07:37.349Z: Processed 3,875,000 properties. EPC Match: 0.0%, HPI Match: 0.0%
2025-07-16T14:07:53.158Z: Processed 3,900,000 properties. EPC Match: 0.0%, HPI Match: 0.0%
2025-07-16T14:08:07.510Z: Processed 3,925,000 properties. EPC Match: 0.0%, HPI Match: 0.0%
2025-07-16T14:08:19.961Z: Processed 3,950,000 properties. EPC Match: 0.0%, HPI Match: 0.0%
2025-07-16T14:08:35.464Z: Processed 3,975,000 properties. EPC Match: 0.0%, HPI Match: 0.0%
2025-07-16T14:08:56.328Z: Processed 4,000,000 properties. EPC Match: 0.0%, HPI Match: 0.0%
2025-07-16T14:09:14.158Z: Processed 4,025,000 properties. EPC Match: 0.0%, HPI Match: 0.0%
2025-07-16T14:09:31.657Z: Processed 4,050,000 properties. EPC Match: 0.0%, HPI Match: 0.0%
2025-07-16T14:09:51.932Z: Processed 4,075,000 properties. EPC Match: 0.0%, HPI Match: 0.0%
2025-07-16T14:10:12.851Z: Processed 4,100,000 properties. EPC Match: 0.0%, HPI Match: 0.0%
2025-07-16T14:10:31.820Z: Processed 4,125,000 properties. EPC Match: 0.0%, HPI Match: 0.0%
2025-07-16T14:10:49.706Z: Processed 4,150,000 properties. EPC Match: 0.0%, HPI Match: 0.0%
2025-07-16T14:11:07.384Z: Processed 4,175,000 properties. EPC Match: 0.0%, HPI Match: 0.0%
2025-07-16T14:11:32.938Z: Processed 4,200,000 properties. EPC Match: 0.0%, HPI Match: 0.0%
2025-07-16T14:11:51.183Z: Processed 4,225,000 properties. EPC Match: 0.0%, HPI Match: 0.0%
2025-07-16T14:12:07.479Z: Processed 4,250,000 properties. EPC Match: 0.0%, HPI Match: 0.0%
2025-07-16T14:12:34.249Z: Processed 4,275,000 properties. EPC Match: 0.0%, HPI Match: 0.0%
2025-07-16T14:13:07.758Z: Processed 4,300,000 properties. EPC Match: 0.0%, HPI Match: 0.0%
2025-07-16T14:13:53.286Z: Processed 4,325,000 properties. EPC Match: 0.0%, HPI Match: 0.0%
2025-07-16T14:14:34.261Z: Processed 4,350,000 properties. EPC Match: 0.0%, HPI Match: 0.0%
2025-07-16T14:15:23.609Z: Processed 4,375,000 properties. EPC Match: 0.0%, HPI Match: 0.0%
2025-07-16T14:16:04.950Z: Processed 4,400,000 properties. EPC Match: 0.0%, HPI Match: 0.0%
2025-07-16T14:27:52.415Z: Processed 4,425,000 properties. EPC Match: 0.0%, HPI Match: 0.0%
2025-07-16T14:28:04.369Z: Processed 4,450,000 properties. EPC Match: 0.0%, HPI Match: 0.0%
2025-07-16T14:28:18.696Z: Processed 4,475,000 properties. EPC Match: 0.0%, HPI Match: 0.0%
2025-07-16T14:28:29.211Z: Processed 4,500,000 properties. EPC Match: 0.0%, HPI Match: 0.0%
2025-07-16T14:28:38.981Z: Processed 4,525,000 properties. EPC Match: 0.0%, HPI Match: 0.0%
2025-07-16T14:28:53.228Z: Processed 4,550,000 properties. EPC Match: 0.0%, HPI Match: 0.0%
2025-07-16T14:29:06.823Z: Processed 4,575,000 properties. EPC Match: 0.0%, HPI Match: 0.0%
2025-07-16T14:29:16.983Z: Processed 4,600,000 properties. EPC Match: 0.0%, HPI Match: 0.0%
2025-07-16T14:29:33.836Z: Processed 4,625,000 properties. EPC Match: 0.0%, HPI Match: 0.0%
2025-07-16T14:29:50.755Z: Processed 4,650,000 properties. EPC Match: 0.0%, HPI Match: 0.0%
2025-07-16T14:30:08.812Z: Processed 4,675,000 properties. EPC Match: 0.0%, HPI Match: 0.0%
2025-07-16T14:30:25.162Z: Processed 4,700,000 properties. EPC Match: 0.0%, HPI Match: 0.0%
2025-07-16T14:30:38.562Z: Processed 4,725,000 properties. EPC Match: 0.0%, HPI Match: 0.0%
2025-07-16T14:35:11.024Z: Processed 4,750,000 properties. EPC Match: 0.0%, HPI Match: 0.0%
2025-07-16T14:35:21.250Z: Processed 4,775,000 properties. EPC Match: 0.0%, HPI Match: 0.0%
2025-07-16T14:35:28.762Z: Processed 4,800,000 properties. EPC Match: 0.0%, HPI Match: 0.0%
2025-07-16T14:35:41.877Z: Processed 4,825,000 properties. EPC Match: 0.0%, HPI Match: 0.0%
2025-07-16T14:35:53.129Z: Processed 4,850,000 properties. EPC Match: 0.0%, HPI Match: 0.0%
2025-07-16T14:36:08.741Z: Processed 4,875,000 properties. EPC Match: 0.0%, HPI Match: 0.0%
2025-07-16T14:36:21.571Z: Processed 4,900,000 properties. EPC Match: 0.0%, HPI Match: 0.0%
2025-07-16T14:36:35.725Z: Processed 4,925,000 properties. EPC Match: 0.0%, HPI Match: 0.0%
2025-07-16T14:36:50.454Z: Processed 4,950,000 properties. EPC Match: 0.0%, HPI Match: 0.0%
2025-07-16T14:37:10.893Z: Processed 4,975,000 properties. EPC Match: 0.0%, HPI Match: 0.0%
2025-07-16T14:37:31.454Z: Processed 5,000,000 properties. EPC Match: 0.0%, HPI Match: 0.0%
2025-07-16T14:37:50.807Z: Processed 5,025,000 properties. EPC Match: 0.0%, HPI Match: 0.0%
2025-07-16T14:38:07.662Z: Processed 5,050,000 properties. EPC Match: 0.0%, HPI Match: 0.0%
2025-07-16T14:38:20.804Z: Processed 5,075,000 properties. EPC Match: 0.0%, HPI Match: 0.0%
2025-07-16T14:38:35.505Z: Processed 5,100,000 properties. EPC Match: 0.0%, HPI Match: 0.0%
2025-07-16T14:39:16.163Z: Processed 5,125,000 properties. EPC Match: 0.0%, HPI Match: 0.0%
2025-07-16T14:40:00.225Z: Processed 5,150,000 properties. EPC Match: 0.0%, HPI Match: 0.0%
2025-07-16T14:42:22.348Z: Processed 5,175,000 properties. EPC Match: 0.0%, HPI Match: 0.0%
2025-07-16T14:42:39.172Z: Processed 5,200,000 properties. EPC Match: 0.0%, HPI Match: 0.0%
2025-07-16T14:42:54.436Z: Processed 5,225,000 properties. EPC Match: 0.0%, HPI Match: 0.0%
2025-07-16T14:43:10.582Z: Processed 5,250,000 properties. EPC Match: 0.0%, HPI Match: 0.0%
2025-07-16T14:43:26.437Z: Processed 5,275,000 properties. EPC Match: 0.0%, HPI Match: 0.0%
2025-07-16T14:43:39.263Z: Processed 5,300,000 properties. EPC Match: 0.0%, HPI Match: 0.0%
2025-07-16T14:43:53.637Z: Processed 5,325,000 properties. EPC Match: 0.0%, HPI Match: 0.0%
2025-07-16T14:44:07.934Z: Processed 5,350,000 properties. EPC Match: 0.0%, HPI Match: 0.0%
2025-07-16T14:44:23.518Z: Processed 5,375,000 properties. EPC Match: 0.0%, HPI Match: 0.0%
2025-07-16T14:44:39.242Z: Processed 5,400,000 properties. EPC Match: 0.0%, HPI Match: 0.0%
2025-07-16T14:44:53.686Z: Processed 5,425,000 properties. EPC Match: 0.0%, HPI Match: 0.0%
2025-07-16T14:45:07.198Z: Processed 5,450,000 properties. EPC Match: 0.0%, HPI Match: 0.0%
2025-07-16T14:45:23.268Z: Processed 5,475,000 properties. EPC Match: 0.0%, HPI Match: 0.0%
2025-07-16T14:45:37.703Z: Processed 5,500,000 properties. EPC Match: 0.0%, HPI Match: 0.0%
2025-07-16T14:45:49.127Z: Processed 5,525,000 properties. EPC Match: 0.0%, HPI Match: 0.0%
2025-07-16T14:46:03.586Z: Processed 5,550,000 properties. EPC Match: 0.0%, HPI Match: 0.0%
2025-07-16T14:46:17.942Z: Processed 5,575,000 properties. EPC Match: 0.0%, HPI Match: 0.0%
2025-07-16T14:46:29.891Z: Processed 5,600,000 properties. EPC Match: 0.0%, HPI Match: 0.0%
2025-07-16T14:46:43.968Z: Processed 5,625,000 properties. EPC Match: 0.0%, HPI Match: 0.0%
2025-07-16T14:46:56.788Z: Processed 5,650,000 properties. EPC Match: 0.0%, HPI Match: 0.0%
2025-07-16T14:47:11.969Z: Processed 5,675,000 properties. EPC Match: 0.0%, HPI Match: 0.0%
2025-07-16T14:47:23.997Z: Processed 5,700,000 properties. EPC Match: 0.0%, HPI Match: 0.0%
2025-07-16T14:47:33.593Z: Processed 5,725,000 properties. EPC Match: 0.0%, HPI Match: 0.0%
2025-07-16T14:47:48.905Z: Processed 5,750,000 properties. EPC Match: 0.0%, HPI Match: 0.0%
2025-07-16T14:48:02.996Z: Processed 5,775,000 properties. EPC Match: 0.0%, HPI Match: 0.0%
2025-07-16T14:48:15.708Z: Processed 5,800,000 properties. EPC Match: 0.0%, HPI Match: 0.0%
2025-07-16T14:48:26.216Z: Processed 5,825,000 properties. EPC Match: 0.0%, HPI Match: 0.0%
2025-07-16T14:48:40.115Z: Processed 5,850,000 properties. EPC Match: 0.0%, HPI Match: 0.0%
2025-07-16T14:48:53.227Z: Processed 5,875,000 properties. EPC Match: 0.0%, HPI Match: 0.0%
2025-07-16T14:49:07.968Z: Processed 5,900,000 properties. EPC Match: 0.0%, HPI Match: 0.0%
2025-07-16T14:49:21.548Z: Processed 5,925,000 properties. EPC Match: 0.0%, HPI Match: 0.0%
2025-07-16T14:49:34.516Z: Processed 5,950,000 properties. EPC Match: 0.0%, HPI Match: 0.0%
2025-07-16T14:49:46.764Z: Processed 5,975,000 properties. EPC Match: 0.0%, HPI Match: 0.0%
2025-07-16T14:50:01.702Z: Processed 6,000,000 properties. EPC Match: 0.0%, HPI Match: 0.0%
2025-07-16T14:50:16.917Z: Processed 6,025,000 properties. EPC Match: 0.0%, HPI Match: 0.0%
2025-07-16T14:50:28.865Z: Processed 6,050,000 properties. EPC Match: 0.0%, HPI Match: 0.0%
2025-07-16T14:50:40.800Z: Processed 6,075,000 properties. EPC Match: 0.0%, HPI Match: 0.0%
