[2025-07-16T01:11:53.375Z] [INFO] === OVERNIGHT DATA PIPELINE STARTED ===
[2025-07-16T01:11:53.379Z] [INFO] Configuration: {
  "LAND_REGISTRY_FILE": "data/land-registry-2006plus.csv",
  "EPC_FILE": "data/epc-certificates.csv",
  "HPI_FILE": "data/hpi-regions.csv",
  "OUTPUT_FILE": "data/unified-enhanced-dataset.csv",
  "CHECKPOINT_FILE": "data/overnight-checkpoint.json",
  "LOG_FILE": "logs/overnight-pipeline.log",
  "BATCH_SIZE": 10000,
  "ELASTICSEARCH_URL": "http://localhost:9200",
  "INDEX_NAME": "enhanced-properties"
}
[2025-07-16T01:11:53.379Z] [INFO] Starting property processing...
[2025-07-16T01:11:53.379Z] [INFO] Starting overnight data processing pipeline...
[2025-07-16T01:11:53.379Z] [INFO] Loading EPC data into memory...
[2025-07-16T01:11:53.379Z] [WARN] EPC file not found, skipping EPC matching
[2025-07-16T01:11:53.380Z] [INFO] Loading HPI data into memory...
[2025-07-16T01:11:53.397Z] [INFO] Loaded 10000 HPI records
[2025-07-16T01:11:53.407Z] [INFO] Loaded 20000 HPI records
[2025-07-16T01:11:53.415Z] [INFO] Loaded 30000 HPI records
[2025-07-16T01:11:53.420Z] [INFO] Loaded 40000 HPI records
[2025-07-16T01:11:53.424Z] [INFO] Loaded 50000 HPI records
[2025-07-16T01:11:53.428Z] [INFO] Loaded 60000 HPI records
[2025-07-16T01:11:53.433Z] [INFO] Loaded 70000 HPI records
[2025-07-16T01:11:53.436Z] [INFO] Loaded 80000 HPI records
[2025-07-16T01:11:53.442Z] [INFO] Loaded 90000 HPI records
[2025-07-16T01:11:53.448Z] [INFO] Loaded 100000 HPI records
[2025-07-16T01:11:53.452Z] [INFO] Loaded 110000 HPI records
[2025-07-16T01:11:53.455Z] [INFO] Loaded 120000 HPI records
[2025-07-16T01:11:53.459Z] [INFO] Loaded 130000 HPI records
[2025-07-16T01:11:53.463Z] [INFO] Loaded 140000 HPI records
[2025-07-16T01:11:53.466Z] [INFO] Loaded 150000 HPI records
[2025-07-16T01:11:53.475Z] [INFO] Loaded 160000 HPI records
[2025-07-16T01:11:53.480Z] [INFO] Loaded 170000 HPI records
[2025-07-16T01:11:53.484Z] [INFO] Loaded 180000 HPI records
[2025-07-16T01:11:53.487Z] [INFO] Loaded 190000 HPI records
[2025-07-16T01:11:53.491Z] [INFO] Loaded 200000 HPI records
[2025-07-16T01:11:53.495Z] [INFO] Loaded 210000 HPI records
[2025-07-16T01:11:53.500Z] [INFO] HPI data loaded: 0 unique region-date combinations
[2025-07-16T01:11:53.500Z] [INFO] Starting property processing...
[2025-07-16T01:12:09.504Z] [INFO] Processing complete!
[2025-07-16T01:12:09.518Z] [INFO] Total properties processed: 6,097,130
[2025-07-16T01:12:09.518Z] [INFO] EPC matches: 0 (0.00%)
[2025-07-16T01:12:09.518Z] [INFO] HPI matches: 0 (0.00%)
[2025-07-16T01:12:09.519Z] [INFO] Checkpoint saved: {"processed":6097130,"indexed":0,"stage":"processing_complete"}
[2025-07-16T01:12:09.519Z] [INFO] Starting Elasticsearch indexing...
[2025-07-16T01:12:09.519Z] [INFO] Starting Elasticsearch indexing...
[2025-07-16T01:12:09.519Z] [INFO] Resuming from checkpoint: {"processed":6097130,"indexed":0,"stage":"processing_complete"}
[2025-07-16T01:12:16.943Z] [ERROR] Error creating index: 
[2025-07-16T01:12:16.945Z] [ERROR] Pipeline failed: Output file not found: data/unified-enhanced-dataset.csv
[2025-07-16T01:12:16.945Z] [ERROR] Stack trace: Error: Output file not found: data/unified-enhanced-dataset.csv
    at /Users/benjaminoats/my-vibe-project/bmv-finder/scripts/full-data-pipeline-overnight.js:550:14
    at new Promise (<anonymous>)
    at indexToElasticsearch (/Users/benjaminoats/my-vibe-project/bmv-finder/scripts/full-data-pipeline-overnight.js:548:10)
    at process.processTicksAndRejections (node:internal/process/task_queues:105:5)
    at async main (/Users/benjaminoats/my-vibe-project/bmv-finder/scripts/full-data-pipeline-overnight.js:633:7)
[2025-07-24T22:46:27.950Z] [INFO] === OVERNIGHT DATA PIPELINE STARTED ===
[2025-07-24T22:46:27.957Z] [INFO] Configuration: {
  "LAND_REGISTRY_FILE": "data/land-registry-2006plus.csv",
  "EPC_FILE": "data/epc-certificates.csv",
  "HPI_FILE": "data/hpi-regions.csv",
  "OUTPUT_FILE": "data/unified-enhanced-dataset.csv",
  "CHECKPOINT_FILE": "data/overnight-checkpoint.json",
  "LOG_FILE": "logs/overnight-pipeline.log",
  "BATCH_SIZE": 10000,
  "ELASTICSEARCH_URL": "http://localhost:9200",
  "INDEX_NAME": "enhanced-properties"
}
[2025-07-24T22:46:27.957Z] [INFO] Starting property processing...
[2025-07-24T22:46:27.957Z] [INFO] Starting overnight data processing pipeline...
[2025-07-24T22:46:27.957Z] [INFO] Loading EPC data into memory...
[2025-07-24T22:46:27.957Z] [WARN] EPC file not found, skipping EPC matching
[2025-07-24T22:46:27.957Z] [INFO] Loading HPI data into memory...
[2025-07-24T22:46:27.958Z] [WARN] HPI file not found, skipping HPI matching
[2025-07-24T22:46:27.958Z] [INFO] Starting property processing...
[2025-07-24T22:46:27.958Z] [ERROR] Pipeline failed: Land Registry file not found: data/land-registry-2006plus.csv
[2025-07-24T22:46:27.958Z] [ERROR] Stack trace: Error: Land Registry file not found: data/land-registry-2006plus.csv
    at /Users/benjaminoats/my-vibe-project/bmv-finder/scripts/full-data-pipeline-overnight.js:342:14
    at new Promise (<anonymous>)
    at processProperties (/Users/benjaminoats/my-vibe-project/bmv-finder/scripts/full-data-pipeline-overnight.js:340:10)
    at process.processTicksAndRejections (node:internal/process/task_queues:105:5)
    at async main (/Users/benjaminoats/my-vibe-project/bmv-finder/scripts/full-data-pipeline-overnight.js:629:9)
